should set values properly:
  1: |
    kubernetes.io/ingress.class: nginx
  2: |
    rules:
      - host: ""
        http:
          paths:
            - backend:
                service:
                  name: release-xwiki
                  port:
                    number: 80
              path: /
              pathType: ImplementationSpecific
