should use custom image:
  1: |
    - name: DB_PASSWORD
      valueFrom:
        secretKeyRef:
          key: DB_PASSWORD
          name: RELEASE-NAME
    - name: INDEX_HOST
      valueFrom:
        configMapKeyRef:
          key: INDEX_HOST
          name: RELEASE-NAME-xwiki
    - name: INDEX_PORT
      valueFrom:
        configMapKeyRef:
          key: INDEX_PORT
          name: RELEASE-NAME-xwiki
    - name: DB_HOST
      valueFrom:
        configMapKeyRef:
          key: DB_HOST
          name: RELEASE-NAME-xwiki
    - name: DB_USER
      valueFrom:
        configMapKeyRef:
          key: DB_USER
          name: RELEASE-NAME-xwiki
    - name: DB_DATABASE
      valueFrom:
        configMapKeyRef:
          key: DB_DATABASE
          name: RELEASE-NAME-xwiki
  2: |
    checksum/configmap: fa5b594ef4d5ebfe026da07036040e190f31131def38c7cd8b3203b280f45546
    checksum/initialization-configmaps: 3c24a3930e5a927a5fe423d61c6e8d2508983be792f1fc45e8bab4dc79f560c8
should use mysql lts image:
  1: |
    - name: DB_PASSWORD
      valueFrom:
        secretKeyRef:
          key: mysql-password
          name: RELEASE-NAME-mysql
    - name: INDEX_HOST
      valueFrom:
        configMapKeyRef:
          key: INDEX_HOST
          name: RELEASE-NAME-xwiki
    - name: INDEX_PORT
      valueFrom:
        configMapKeyRef:
          key: INDEX_PORT
          name: RELEASE-NAME-xwiki
    - name: DB_HOST
      valueFrom:
        configMapKeyRef:
          key: DB_HOST
          name: RELEASE-NAME-xwiki
    - name: DB_USER
      valueFrom:
        configMapKeyRef:
          key: DB_USER
          name: RELEASE-NAME-xwiki
    - name: DB_DATABASE
      valueFrom:
        configMapKeyRef:
          key: DB_DATABASE
          name: RELEASE-NAME-xwiki
should use postgres lts image:
  1: |
    - name: DB_PASSWORD
      valueFrom:
        secretKeyRef:
          key: postgres-password
          name: RELEASE-NAME-postgresql
    - name: INDEX_HOST
      valueFrom:
        configMapKeyRef:
          key: INDEX_HOST
          name: RELEASE-NAME-xwiki
    - name: INDEX_PORT
      valueFrom:
        configMapKeyRef:
          key: INDEX_PORT
          name: RELEASE-NAME-xwiki
    - name: DB_HOST
      valueFrom:
        configMapKeyRef:
          key: DB_HOST
          name: RELEASE-NAME-xwiki
    - name: DB_USER
      valueFrom:
        configMapKeyRef:
          key: DB_USER
          name: RELEASE-NAME-xwiki
    - name: DB_DATABASE
      valueFrom:
        configMapKeyRef:
          key: DB_DATABASE
          name: RELEASE-NAME-xwiki
